2026-08-25 08:29:59 | INFO | P03 | === RUN START ===
2026-08-25 08:29:59 | INFO | P03 | project=P03
2026-08-25 08:29:59 | INFO | P03 | repo_dir=datafun-03-analytics
2026-08-25 08:29:59 | INFO | P03 | python=3.14.7
2026-08-25 08:29:59 | INFO | P03 | os=Windows 11
2026-08-25 08:29:59 | INFO | P03 | shell=powershell
2026-08-25 08:29:59 | INFO | P03 | cwd=.
2026-08-25 08:29:59 | INFO | P03 | github_actions=False
2026-08-25 08:29:59 | INFO | P03 | ===================================
2026-08-25 08:29:59 | INFO | P03 | START main()
2026-08-25 08:29:59 | INFO | P03 | ===================================
2026-08-25 08:29:59 | INFO | P03 | raw folder = data\raw
2026-08-25 08:29:59 | INFO | P03 | processed folder = data\processed
2026-08-25 08:29:59 | INFO | P03 | ===================================
2026-08-25 08:29:59 | INFO | P03 | CSV pipeline
2026-08-25 08:29:59 | INFO | P03 | ===================================
2026-08-25 08:29:59 | INFO | P03 | Pipeline: 
Read the world happiness CSV file,
extract the selected numeric column,
calculate descriptive statistics,
verify the results,
and write the statistics to a text file.

2026-08-25 08:29:59 | INFO | P03 | Column: Ladder score
2026-08-25 08:29:59 | INFO | P03 | Why: 
The ladder score is the survey's overall happiness measure,
so its distribution is the natural first summary of this dataset.

2026-08-25 08:29:59 | INFO | P03 | CSV: START
2026-08-25 08:29:59 | INFO | P03 | Extracted 153 rows from 2020_happiness.csv
2026-08-25 08:29:59 | INFO | P03 | Converted 153 values, skipped 0, from 'Ladder score'
2026-08-25 08:29:59 | INFO | P03 | Calculated statistics: {'count': 153.0, 'min': 2.566900015, 'max': 7.808700085, 'mean': 5.473239862849673, 'stdev': 1.112270173678083}
2026-08-25 08:29:59 | INFO | P03 | Verified statistics: all checks passed.
2026-08-25 08:29:59 | INFO | P03 | Wrote report to csv_ladder_score_stats.txt
2026-08-25 08:29:59 | INFO | P03 | CSV: wrote data\processed\csv_ladder_score_stats.txt
2026-08-25 08:29:59 | INFO | P03 | CSV: END
2026-08-25 08:29:59 | INFO | P03 | ===================================
2026-08-25 08:29:59 | INFO | P03 | JSON pipeline
2026-08-25 08:29:59 | INFO | P03 | ===================================
2026-08-25 08:29:59 | INFO | P03 | Pipeline: 
Read the astronauts JSON file,
extract the list of people,
count people by spacecraft,
verify the results,
and write the counts to a text file.

2026-08-25 08:29:59 | INFO | P03 | Grouping: people by craft
2026-08-25 08:29:59 | INFO | P03 | Why: 
Each person is assigned to a craft, so counting by craft shows
how the crew is distributed across spacecraft.

2026-08-25 08:29:59 | INFO | P03 | JSON: START
2026-08-25 08:29:59 | INFO | P03 | JSON: wrote data\processed\json_astronauts_by_craft.txt
2026-08-25 08:29:59 | INFO | P03 | JSON: END
2026-08-25 08:29:59 | INFO | P03 | ===================================
2026-08-25 08:29:59 | INFO | P03 | XLSX pipeline
2026-08-25 08:29:59 | INFO | P03 | ===================================
2026-08-25 08:29:59 | INFO | P03 | Pipeline: 
Read the feedback Excel file,
extract text from the selected column,
count occurrences of the selected word,
verify the result,
and write the count to a text file.

2026-08-25 08:29:59 | INFO | P03 | Word: GitHub in column A
2026-08-25 08:29:59 | INFO | P03 | Why: 
Feedback mentions GitHub when students hit repository issues,
so counting the word estimates how often that came up.

2026-08-25 08:29:59 | INFO | P03 | XLSX: START
2026-08-25 08:29:59 | INFO | P03 | XLSX: wrote data\processed\xlsx_feedback_github_count.txt
2026-08-25 08:29:59 | INFO | P03 | XLSX: END
2026-08-25 08:29:59 | INFO | P03 | ===================================
2026-08-25 08:29:59 | INFO | P03 | TEXT pipeline
2026-08-25 08:29:59 | INFO | P03 | ===================================
2026-08-25 08:29:59 | INFO | P03 | Pipeline: 
Read the Romeo and Juliet text file,
count its lines, words, and characters,
verify the results,
and write the summary to a text file.

2026-08-25 08:29:59 | INFO | P03 | Why: 
Line, word, and character counts give a quick size profile
of a plain-text document before any deeper reading.

2026-08-25 08:29:59 | INFO | P03 | TXT: START
2026-08-25 08:29:59 | INFO | P03 | TXT: wrote data\processed\txt_summary.txt
2026-08-25 08:29:59 | INFO | P03 | TXT: END
2026-08-25 08:29:59 | INFO | P03 | ===================================
2026-08-25 08:29:59 | INFO | P03 | END main() - Executed successfully!
2026-08-25 08:29:59 | INFO | P03 | ===================================
2026-09-09 20:46:39 | INFO | P03 | === RUN START ===
2026-09-09 20:46:39 | INFO | P03 | project=P03
2026-09-09 20:46:39 | INFO | P03 | repo_dir=datafun-03-analytics
2026-09-09 20:46:39 | INFO | P03 | python=3.14.7
2026-09-09 20:46:39 | INFO | P03 | os=Windows 11
2026-09-09 20:46:39 | INFO | P03 | shell=powershell
2026-09-09 20:46:39 | INFO | P03 | cwd=.
2026-09-09 20:46:39 | INFO | P03 | github_actions=False
2026-09-09 20:46:39 | INFO | P03 | ===================================
2026-09-09 20:46:39 | INFO | P03 | START main()
2026-09-09 20:46:39 | INFO | P03 | ===================================
2026-09-09 20:46:39 | INFO | P03 | raw folder = data\raw
2026-09-09 20:46:39 | INFO | P03 | processed folder = data\processed
2026-09-09 20:46:39 | INFO | P03 | ===================================
2026-09-09 20:46:39 | INFO | P03 | CSV pipeline
2026-09-09 20:46:39 | INFO | P03 | ===================================
2026-09-09 20:46:39 | INFO | P03 | Pipeline: 
Read the world happiness CSV file,
extract the selected numeric column,
calculate descriptive statistics,
verify the results,
and write the statistics to a text file.

2026-09-09 20:46:39 | INFO | P03 | Column: Ladder score
2026-09-09 20:46:39 | INFO | P03 | Why: 
The ladder score is the survey's overall happiness measure,
so its distribution is the natural first summary of this dataset.

2026-09-09 20:46:39 | INFO | P03 | CSV: START
2026-09-09 20:46:39 | INFO | P03 | Extracted 153 rows from 2020_happiness.csv
2026-09-09 20:46:39 | INFO | P03 | Converted 153 values, skipped 0, from 'Ladder score'
2026-09-09 20:46:39 | INFO | P03 | Calculated statistics: {'count': 153.0, 'min': 2.566900015, 'max': 7.808700085, 'mean': 5.473239862849673, 'stdev': 1.112270173678083}
2026-09-09 20:46:39 | INFO | P03 | Verified statistics: all checks passed.
2026-09-09 20:46:39 | INFO | P03 | Wrote report to csv_ladder_score_stats.txt
2026-09-09 20:46:39 | INFO | P03 | CSV: wrote data\processed\csv_ladder_score_stats.txt
2026-09-09 20:46:39 | INFO | P03 | CSV: END
2026-09-09 20:46:39 | INFO | P03 | ===================================
2026-09-09 20:46:39 | INFO | P03 | JSON pipeline
2026-09-09 20:46:39 | INFO | P03 | ===================================
2026-09-09 20:46:39 | INFO | P03 | Pipeline: 
Read the astronauts JSON file,
extract the list of people,
count people by spacecraft,
verify the results,
and write the counts to a text file.

2026-09-09 20:46:39 | INFO | P03 | Grouping: people by craft
2026-09-09 20:46:39 | INFO | P03 | Why: 
Each person is assigned to a craft, so counting by craft shows
how the crew is distributed across spacecraft.

2026-09-09 20:46:39 | INFO | P03 | JSON: START
2026-09-09 20:46:39 | INFO | P03 | JSON: wrote data\processed\json_astronauts_by_craft.txt
2026-09-09 20:46:39 | INFO | P03 | JSON: END
2026-09-09 20:46:39 | INFO | P03 | ===================================
2026-09-09 20:46:39 | INFO | P03 | XLSX pipeline
2026-09-09 20:46:39 | INFO | P03 | ===================================
2026-09-09 20:46:39 | INFO | P03 | Pipeline: 
Read the feedback Excel file,
extract text from the selected column,
count occurrences of the selected word,
verify the result,
and write the count to a text file.

2026-09-09 20:46:39 | INFO | P03 | Word: GitHub in column A
2026-09-09 20:46:39 | INFO | P03 | Why: 
Feedback mentions GitHub when students hit repository issues,
so counting the word estimates how often that came up.

2026-09-09 20:46:39 | INFO | P03 | XLSX: START
2026-09-09 20:46:39 | INFO | P03 | XLSX: wrote data\processed\xlsx_feedback_github_count.txt
2026-09-09 20:46:39 | INFO | P03 | XLSX: END
2026-09-09 20:46:39 | INFO | P03 | ===================================
2026-09-09 20:46:39 | INFO | P03 | TEXT pipeline
2026-09-09 20:46:39 | INFO | P03 | ===================================
2026-09-09 20:46:39 | INFO | P03 | Pipeline: 
Read the Romeo and Juliet text file,
count its lines, words, and characters,
verify the results,
and write the summary to a text file.

2026-09-09 20:46:39 | INFO | P03 | Why: 
Line, word, and character counts give a quick size profile
of a plain-text document before any deeper reading.

2026-09-09 20:46:39 | INFO | P03 | TXT: START
2026-09-09 20:46:39 | INFO | P03 | TXT: wrote data\processed\txt_summary.txt
2026-09-09 20:46:39 | INFO | P03 | TXT: END
2026-09-09 20:46:39 | INFO | P03 | ===================================
2026-09-09 20:46:39 | INFO | P03 | END main() - Executed successfully!
2026-09-09 20:46:39 | INFO | P03 | ===================================
2026-09-11 20:48:06 | INFO | P03 | === RUN START ===
2026-09-11 20:48:06 | INFO | P03 | project=P03
2026-09-11 20:48:06 | INFO | P03 | repo_dir=datafun-03-analytics
2026-09-11 20:48:06 | INFO | P03 | python=3.14.7
2026-09-11 20:48:06 | INFO | P03 | os=Windows 11
2026-09-11 20:48:06 | INFO | P03 | shell=powershell
2026-09-11 20:48:06 | INFO | P03 | cwd=.
2026-09-11 20:48:06 | INFO | P03 | github_actions=False
2026-09-11 20:48:06 | INFO | P03 | ===================================
2026-09-11 20:48:06 | INFO | P03 | START main()
2026-09-11 20:48:06 | INFO | P03 | ===================================
2026-09-11 20:48:06 | INFO | P03 | raw folder = data\raw
2026-09-11 20:48:06 | INFO | P03 | processed folder = data\processed
2026-09-11 20:48:06 | INFO | P03 | ===================================
2026-09-11 20:48:06 | INFO | P03 | CSV pipeline
2026-09-11 20:48:06 | INFO | P03 | ===================================
2026-09-11 20:48:06 | INFO | P03 | Pipeline: 
Read the fictional double reed inventory CSV file,
extract the current value column,
calculate descriptive statistics,
verify the results,
and write the statistics to a text file.

2026-09-11 20:48:06 | INFO | P03 | Column: current_value
2026-09-11 20:48:06 | INFO | P03 | Why: 
Current value provides a useful first summary of the financial value
of the fictional double reed inventory before comparing value with age.

2026-09-11 20:48:06 | INFO | P03 | CSV: START
2026-09-11 20:48:06 | INFO | P03 | Extracted 10 rows from double_reed_inventory.csv
2026-09-11 20:48:06 | INFO | P03 | Converted 10 values, skipped 0, from 'current_value'
2026-09-11 20:48:06 | INFO | P03 | Calculated statistics: {'count': 10.0, 'min': 1800.0, 'max': 12000.0, 'mean': 5620.0, 'stdev': 3250.5725991311474}
2026-09-11 20:48:06 | INFO | P03 | Verified statistics: all checks passed.
2026-09-11 20:48:06 | INFO | P03 | Wrote report to csv_current_value_stats.txt
2026-09-11 20:48:06 | INFO | P03 | CSV: wrote data\processed\csv_current_value_stats.txt
2026-09-11 20:48:06 | INFO | P03 | CSV: END
2026-09-11 20:48:06 | INFO | P03 | ===================================
2026-09-11 20:48:06 | INFO | P03 | JSON pipeline
2026-09-11 20:48:06 | INFO | P03 | ===================================
2026-09-11 20:48:06 | INFO | P03 | Pipeline: 
Read the astronauts JSON file,
extract the list of people,
count people by spacecraft,
verify the results,
and write the counts to a text file.

2026-09-11 20:48:06 | INFO | P03 | Grouping: people by craft
2026-09-11 20:48:06 | INFO | P03 | Why: 
Each person is assigned to a craft, so counting by craft shows
how the crew is distributed across spacecraft.

2026-09-11 20:48:06 | INFO | P03 | JSON: START
2026-09-11 20:48:06 | INFO | P03 | JSON: wrote data\processed\json_astronauts_by_craft.txt
2026-09-11 20:48:06 | INFO | P03 | JSON: END
2026-09-11 20:48:06 | INFO | P03 | ===================================
2026-09-11 20:48:06 | INFO | P03 | XLSX pipeline
2026-09-11 20:48:06 | INFO | P03 | ===================================
2026-09-11 20:48:06 | INFO | P03 | Pipeline: 
Read the feedback Excel file,
extract text from the selected column,
count occurrences of the selected word,
verify the result,
and write the count to a text file.

2026-09-11 20:48:06 | INFO | P03 | Word: GitHub in column A
2026-09-11 20:48:06 | INFO | P03 | Why: 
Feedback mentions GitHub when students hit repository issues,
so counting the word estimates how often that came up.

2026-09-11 20:48:06 | INFO | P03 | XLSX: START
2026-09-11 20:48:06 | INFO | P03 | XLSX: wrote data\processed\xlsx_feedback_github_count.txt
2026-09-11 20:48:06 | INFO | P03 | XLSX: END
2026-09-11 20:48:06 | INFO | P03 | ===================================
2026-09-11 20:48:06 | INFO | P03 | TEXT pipeline
2026-09-11 20:48:06 | INFO | P03 | ===================================
2026-09-11 20:48:06 | INFO | P03 | Pipeline: 
Read the Romeo and Juliet text file,
count its lines, words, and characters,
verify the results,
and write the summary to a text file.

2026-09-11 20:48:06 | INFO | P03 | Why: 
Line, word, and character counts give a quick size profile
of a plain-text document before any deeper reading.

2026-09-11 20:48:06 | INFO | P03 | TXT: START
2026-09-11 20:48:06 | INFO | P03 | TXT: wrote data\processed\txt_summary.txt
2026-09-11 20:48:06 | INFO | P03 | TXT: END
2026-09-11 20:48:06 | INFO | P03 | ===================================
2026-09-11 20:48:06 | INFO | P03 | END main() - Executed successfully!
2026-09-11 20:48:06 | INFO | P03 | ===================================
2026-09-11 20:54:07 | INFO | P03 | === RUN START ===
2026-09-11 20:54:07 | INFO | P03 | project=P03
2026-09-11 20:54:07 | INFO | P03 | repo_dir=datafun-03-analytics
2026-09-11 20:54:07 | INFO | P03 | python=3.14.7
2026-09-11 20:54:07 | INFO | P03 | os=Windows 11
2026-09-11 20:54:07 | INFO | P03 | shell=powershell
2026-09-11 20:54:07 | INFO | P03 | cwd=.
2026-09-11 20:54:07 | INFO | P03 | github_actions=False
2026-09-11 20:54:07 | INFO | P03 | ===================================
2026-09-11 20:54:07 | INFO | P03 | START main()
2026-09-11 20:54:07 | INFO | P03 | ===================================
2026-09-11 20:54:07 | INFO | P03 | raw folder = data\raw
2026-09-11 20:54:07 | INFO | P03 | processed folder = data\processed
2026-09-11 20:54:07 | INFO | P03 | ===================================
2026-09-11 20:54:07 | INFO | P03 | CSV pipeline
2026-09-11 20:54:07 | INFO | P03 | ===================================
2026-09-11 20:54:07 | INFO | P03 | Pipeline: 
Read the fictional double reed inventory CSV file,
extract the current value column,
calculate descriptive statistics,
verify the results,
and write the statistics to a text file.

2026-09-11 20:54:07 | INFO | P03 | Column: year_manufactured
2026-09-11 20:54:07 | INFO | P03 | Why: 
Current value provides a useful first summary of the financial value
of the fictional double reed inventory before comparing value with age.

2026-09-11 20:54:07 | INFO | P03 | CSV: START
2026-09-11 20:54:07 | INFO | P03 | Extracted 10 rows from double_reed_inventory.csv
2026-09-11 20:54:07 | INFO | P03 | Converted 10 values, skipped 0, from 'year_manufactured'
2026-09-11 20:54:07 | INFO | P03 | Calculated statistics: {'count': 10.0, 'min': 1995.0, 'max': 2021.0, 'mean': 2008.3, 'stdev': 9.238205693988657}
2026-09-11 20:54:07 | INFO | P03 | Verified statistics: all checks passed.
2026-09-11 20:54:07 | INFO | P03 | Wrote report to csv_current_value_stats.txt
2026-09-11 20:54:07 | INFO | P03 | CSV: wrote data\processed\csv_current_value_stats.txt
2026-09-11 20:54:07 | INFO | P03 | CSV: END
2026-09-11 20:54:07 | INFO | P03 | ===================================
2026-09-11 20:54:07 | INFO | P03 | JSON pipeline
2026-09-11 20:54:07 | INFO | P03 | ===================================
2026-09-11 20:54:07 | INFO | P03 | Pipeline: 
Read the astronauts JSON file,
extract the list of people,
count people by spacecraft,
verify the results,
and write the counts to a text file.

2026-09-11 20:54:07 | INFO | P03 | Grouping: people by craft
2026-09-11 20:54:07 | INFO | P03 | Why: 
Each person is assigned to a craft, so counting by craft shows
how the crew is distributed across spacecraft.

2026-09-11 20:54:07 | INFO | P03 | JSON: START
2026-09-11 20:54:07 | INFO | P03 | JSON: wrote data\processed\json_astronauts_by_craft.txt
2026-09-11 20:54:07 | INFO | P03 | JSON: END
2026-09-11 20:54:07 | INFO | P03 | ===================================
2026-09-11 20:54:07 | INFO | P03 | XLSX pipeline
2026-09-11 20:54:07 | INFO | P03 | ===================================
2026-09-11 20:54:07 | INFO | P03 | Pipeline: 
Read the feedback Excel file,
extract text from the selected column,
count occurrences of the selected word,
verify the result,
and write the count to a text file.

2026-09-11 20:54:07 | INFO | P03 | Word: GitHub in column A
2026-09-11 20:54:07 | INFO | P03 | Why: 
Feedback mentions GitHub when students hit repository issues,
so counting the word estimates how often that came up.

2026-09-11 20:54:07 | INFO | P03 | XLSX: START
2026-09-11 20:54:07 | INFO | P03 | XLSX: wrote data\processed\xlsx_feedback_github_count.txt
2026-09-11 20:54:07 | INFO | P03 | XLSX: END
2026-09-11 20:54:07 | INFO | P03 | ===================================
2026-09-11 20:54:07 | INFO | P03 | TEXT pipeline
2026-09-11 20:54:07 | INFO | P03 | ===================================
2026-09-11 20:54:07 | INFO | P03 | Pipeline: 
Read the Romeo and Juliet text file,
count its lines, words, and characters,
verify the results,
and write the summary to a text file.

2026-09-11 20:54:07 | INFO | P03 | Why: 
Line, word, and character counts give a quick size profile
of a plain-text document before any deeper reading.

2026-09-11 20:54:07 | INFO | P03 | TXT: START
2026-09-11 20:54:07 | INFO | P03 | TXT: wrote data\processed\txt_summary.txt
2026-09-11 20:54:07 | INFO | P03 | TXT: END
2026-09-11 20:54:07 | INFO | P03 | ===================================
2026-09-11 20:54:07 | INFO | P03 | END main() - Executed successfully!
2026-09-11 20:54:07 | INFO | P03 | ===================================
2026-09-11 21:05:37 | INFO | P03 | === RUN START ===
2026-09-11 21:05:37 | INFO | P03 | project=P03
2026-09-11 21:05:37 | INFO | P03 | repo_dir=datafun-03-analytics
2026-09-11 21:05:37 | INFO | P03 | python=3.14.7
2026-09-11 21:05:37 | INFO | P03 | os=Windows 11
2026-09-11 21:05:37 | INFO | P03 | shell=powershell
2026-09-11 21:05:37 | INFO | P03 | cwd=.
2026-09-11 21:05:37 | INFO | P03 | github_actions=False
2026-09-11 21:05:37 | INFO | P03 | ===================================
2026-09-11 21:05:37 | INFO | P03 | START main()
2026-09-11 21:05:37 | INFO | P03 | ===================================
2026-09-11 21:05:37 | INFO | P03 | raw folder = data\raw
2026-09-11 21:05:37 | INFO | P03 | processed folder = data\processed
2026-09-11 21:05:37 | INFO | P03 | ===================================
2026-09-11 21:05:37 | INFO | P03 | CSV pipeline
2026-09-11 21:05:37 | INFO | P03 | ===================================
2026-09-11 21:05:37 | INFO | P03 | Pipeline: 
Read the fictional double reed inventory CSV file,
extract the current value column,
calculate descriptive statistics,
verify the results,
and write the statistics to a text file.

2026-09-11 21:05:37 | INFO | P03 | Column: year_manufactured
2026-09-11 21:05:37 | INFO | P03 | Why: 
Current value provides a useful first summary of the financial value
of the fictional double reed inventory before comparing value with age.

2026-09-11 21:05:37 | INFO | P03 | CSV: START
2026-09-11 21:05:37 | INFO | P03 | Extracted 10 rows from double_reed_inventory.csv
2026-09-11 21:05:37 | INFO | P03 | Calculated 10 instrument ages, skipped 0, from 'year_manufactured'
2026-09-11 21:05:37 | INFO | P03 | Converted 10 values, skipped 0, from 'year_manufactured'
2026-09-11 21:05:37 | INFO | P03 | Calculated statistics: {'count': 10.0, 'min': 1995.0, 'max': 2021.0, 'mean': 2008.3, 'stdev': 9.238205693988657}
2026-09-11 21:05:37 | INFO | P03 | Verified statistics: all checks passed.
2026-09-11 21:05:37 | INFO | P03 | Wrote report to csv_current_value_stats.txt
2026-09-11 21:05:37 | INFO | P03 | CSV: wrote data\processed\csv_current_value_stats.txt
2026-09-11 21:05:37 | INFO | P03 | CSV: END
2026-09-11 21:05:37 | INFO | P03 | ===================================
2026-09-11 21:05:37 | INFO | P03 | JSON pipeline
2026-09-11 21:05:37 | INFO | P03 | ===================================
2026-09-11 21:05:37 | INFO | P03 | Pipeline: 
Read the astronauts JSON file,
extract the list of people,
count people by spacecraft,
verify the results,
and write the counts to a text file.

2026-09-11 21:05:37 | INFO | P03 | Grouping: people by craft
2026-09-11 21:05:37 | INFO | P03 | Why: 
Each person is assigned to a craft, so counting by craft shows
how the crew is distributed across spacecraft.

2026-09-11 21:05:37 | INFO | P03 | JSON: START
2026-09-11 21:05:37 | INFO | P03 | JSON: wrote data\processed\json_astronauts_by_craft.txt
2026-09-11 21:05:37 | INFO | P03 | JSON: END
2026-09-11 21:05:37 | INFO | P03 | ===================================
2026-09-11 21:05:37 | INFO | P03 | XLSX pipeline
2026-09-11 21:05:37 | INFO | P03 | ===================================
2026-09-11 21:05:37 | INFO | P03 | Pipeline: 
Read the feedback Excel file,
extract text from the selected column,
count occurrences of the selected word,
verify the result,
and write the count to a text file.

2026-09-11 21:05:37 | INFO | P03 | Word: GitHub in column A
2026-09-11 21:05:37 | INFO | P03 | Why: 
Feedback mentions GitHub when students hit repository issues,
so counting the word estimates how often that came up.

2026-09-11 21:05:37 | INFO | P03 | XLSX: START
2026-09-11 21:05:37 | INFO | P03 | XLSX: wrote data\processed\xlsx_feedback_github_count.txt
2026-09-11 21:05:37 | INFO | P03 | XLSX: END
2026-09-11 21:05:37 | INFO | P03 | ===================================
2026-09-11 21:05:37 | INFO | P03 | TEXT pipeline
2026-09-11 21:05:37 | INFO | P03 | ===================================
2026-09-11 21:05:37 | INFO | P03 | Pipeline: 
Read the Romeo and Juliet text file,
count its lines, words, and characters,
verify the results,
and write the summary to a text file.

2026-09-11 21:05:37 | INFO | P03 | Why: 
Line, word, and character counts give a quick size profile
of a plain-text document before any deeper reading.

2026-09-11 21:05:37 | INFO | P03 | TXT: START
2026-09-11 21:05:37 | INFO | P03 | TXT: wrote data\processed\txt_summary.txt
2026-09-11 21:05:37 | INFO | P03 | TXT: END
2026-09-11 21:05:37 | INFO | P03 | ===================================
2026-09-11 21:05:37 | INFO | P03 | END main() - Executed successfully!
2026-09-11 21:05:37 | INFO | P03 | ===================================
2026-09-11 21:08:09 | INFO | P03 | === RUN START ===
2026-09-11 21:08:09 | INFO | P03 | project=P03
2026-09-11 21:08:09 | INFO | P03 | repo_dir=datafun-03-analytics
2026-09-11 21:08:09 | INFO | P03 | python=3.14.7
2026-09-11 21:08:09 | INFO | P03 | os=Windows 11
2026-09-11 21:08:09 | INFO | P03 | shell=powershell
2026-09-11 21:08:09 | INFO | P03 | cwd=.
2026-09-11 21:08:09 | INFO | P03 | github_actions=False
2026-09-11 21:08:09 | INFO | P03 | ===================================
2026-09-11 21:08:09 | INFO | P03 | START main()
2026-09-11 21:08:09 | INFO | P03 | ===================================
2026-09-11 21:08:09 | INFO | P03 | raw folder = data\raw
2026-09-11 21:08:09 | INFO | P03 | processed folder = data\processed
2026-09-11 21:08:09 | INFO | P03 | ===================================
2026-09-11 21:08:09 | INFO | P03 | CSV pipeline
2026-09-11 21:08:09 | INFO | P03 | ===================================
2026-09-11 21:08:09 | INFO | P03 | Pipeline: 
Read the fictional double reed inventory CSV file,
extract the current value column,
calculate descriptive statistics,
verify the results,
and write the statistics to a text file.

2026-09-11 21:08:09 | INFO | P03 | Column: current_value
2026-09-11 21:08:09 | INFO | P03 | Why: 
Current value provides a useful first summary of the financial value
of the fictional double reed inventory before comparing value with age.

2026-09-11 21:08:09 | INFO | P03 | CSV: START
2026-09-11 21:08:09 | INFO | P03 | Extracted 10 rows from double_reed_inventory.csv
2026-09-11 21:08:09 | INFO | P03 | Calculated 10 instrument ages, skipped 0, from 'year_manufactured'
2026-09-11 21:08:09 | INFO | P03 | Converted 10 values, skipped 0, from 'current_value'
2026-09-11 21:08:09 | INFO | P03 | Calculated statistics: {'count': 10.0, 'min': 1800.0, 'max': 12000.0, 'mean': 5620.0, 'stdev': 3250.5725991311474}
2026-09-11 21:08:09 | INFO | P03 | Verified statistics: all checks passed.
2026-09-11 21:08:09 | INFO | P03 | Wrote report to csv_current_value_stats.txt
2026-09-11 21:08:09 | INFO | P03 | CSV: wrote data\processed\csv_current_value_stats.txt
2026-09-11 21:08:09 | INFO | P03 | CSV: END
2026-09-11 21:08:09 | INFO | P03 | ===================================
2026-09-11 21:08:09 | INFO | P03 | JSON pipeline
2026-09-11 21:08:09 | INFO | P03 | ===================================
2026-09-11 21:08:09 | INFO | P03 | Pipeline: 
Read the astronauts JSON file,
extract the list of people,
count people by spacecraft,
verify the results,
and write the counts to a text file.

2026-09-11 21:08:09 | INFO | P03 | Grouping: people by craft
2026-09-11 21:08:09 | INFO | P03 | Why: 
Each person is assigned to a craft, so counting by craft shows
how the crew is distributed across spacecraft.

2026-09-11 21:08:09 | INFO | P03 | JSON: START
2026-09-11 21:08:09 | INFO | P03 | JSON: wrote data\processed\json_astronauts_by_craft.txt
2026-09-11 21:08:09 | INFO | P03 | JSON: END
2026-09-11 21:08:09 | INFO | P03 | ===================================
2026-09-11 21:08:09 | INFO | P03 | XLSX pipeline
2026-09-11 21:08:09 | INFO | P03 | ===================================
2026-09-11 21:08:09 | INFO | P03 | Pipeline: 
Read the feedback Excel file,
extract text from the selected column,
count occurrences of the selected word,
verify the result,
and write the count to a text file.

2026-09-11 21:08:09 | INFO | P03 | Word: GitHub in column A
2026-09-11 21:08:09 | INFO | P03 | Why: 
Feedback mentions GitHub when students hit repository issues,
so counting the word estimates how often that came up.

2026-09-11 21:08:09 | INFO | P03 | XLSX: START
2026-09-11 21:08:09 | INFO | P03 | XLSX: wrote data\processed\xlsx_feedback_github_count.txt
2026-09-11 21:08:09 | INFO | P03 | XLSX: END
2026-09-11 21:08:09 | INFO | P03 | ===================================
2026-09-11 21:08:09 | INFO | P03 | TEXT pipeline
2026-09-11 21:08:09 | INFO | P03 | ===================================
2026-09-11 21:08:09 | INFO | P03 | Pipeline: 
Read the Romeo and Juliet text file,
count its lines, words, and characters,
verify the results,
and write the summary to a text file.

2026-09-11 21:08:09 | INFO | P03 | Why: 
Line, word, and character counts give a quick size profile
of a plain-text document before any deeper reading.

2026-09-11 21:08:09 | INFO | P03 | TXT: START
2026-09-11 21:08:09 | INFO | P03 | TXT: wrote data\processed\txt_summary.txt
2026-09-11 21:08:09 | INFO | P03 | TXT: END
2026-09-11 21:08:09 | INFO | P03 | ===================================
2026-09-11 21:08:09 | INFO | P03 | END main() - Executed successfully!
2026-09-11 21:08:09 | INFO | P03 | ===================================
2026-09-11 21:13:09 | INFO | P03 | === RUN START ===
2026-09-11 21:13:09 | INFO | P03 | project=P03
2026-09-11 21:13:09 | INFO | P03 | repo_dir=datafun-03-analytics
2026-09-11 21:13:09 | INFO | P03 | python=3.14.7
2026-09-11 21:13:09 | INFO | P03 | os=Windows 11
2026-09-11 21:13:09 | INFO | P03 | shell=powershell
2026-09-11 21:13:09 | INFO | P03 | cwd=.
2026-09-11 21:13:09 | INFO | P03 | github_actions=False
2026-09-11 21:13:09 | INFO | P03 | ===================================
2026-09-11 21:13:09 | INFO | P03 | START main()
2026-09-11 21:13:09 | INFO | P03 | ===================================
2026-09-11 21:13:09 | INFO | P03 | raw folder = data\raw
2026-09-11 21:13:09 | INFO | P03 | processed folder = data\processed
2026-09-11 21:13:09 | INFO | P03 | ===================================
2026-09-11 21:13:09 | INFO | P03 | CSV pipeline
2026-09-11 21:13:09 | INFO | P03 | ===================================
2026-09-11 21:13:09 | INFO | P03 | Pipeline: 
Read the fictional double reed inventory CSV file,
extract the current value column,
calculate descriptive statistics,
verify the results,
and write the statistics to a text file.

2026-09-11 21:13:09 | INFO | P03 | Column: current_value
2026-09-11 21:13:09 | INFO | P03 | Why: 
Current value provides a useful first summary of the financial value
of the fictional double reed inventory before comparing value with age.

2026-09-11 21:13:09 | INFO | P03 | CSV: START
2026-09-11 21:13:09 | INFO | P03 | Extracted 10 rows from double_reed_inventory.csv
2026-09-11 21:13:09 | INFO | P03 | Calculated 10 instrument ages, skipped 0, from 'year_manufactured'
2026-09-11 21:13:09 | INFO | P03 | Calculated statistics: {'count': 10.0, 'min': 5.0, 'max': 31.0, 'mean': 17.7, 'stdev': 9.238205693988657}
2026-09-11 21:13:09 | INFO | P03 | Converted 10 values, skipped 0, from 'current_value'
2026-09-11 21:13:09 | INFO | P03 | Calculated statistics: {'count': 10.0, 'min': 1800.0, 'max': 12000.0, 'mean': 5620.0, 'stdev': 3250.5725991311474}
2026-09-11 21:13:09 | INFO | P03 | Verified statistics: all checks passed.
2026-09-11 21:13:09 | INFO | P03 | Wrote report to csv_current_value_stats.txt
2026-09-11 21:13:09 | INFO | P03 | CSV: wrote data\processed\csv_current_value_stats.txt
2026-09-11 21:13:09 | INFO | P03 | CSV: END
2026-09-11 21:13:09 | INFO | P03 | ===================================
2026-09-11 21:13:09 | INFO | P03 | JSON pipeline
2026-09-11 21:13:09 | INFO | P03 | ===================================
2026-09-11 21:13:09 | INFO | P03 | Pipeline: 
Read the astronauts JSON file,
extract the list of people,
count people by spacecraft,
verify the results,
and write the counts to a text file.

2026-09-11 21:13:09 | INFO | P03 | Grouping: people by craft
2026-09-11 21:13:09 | INFO | P03 | Why: 
Each person is assigned to a craft, so counting by craft shows
how the crew is distributed across spacecraft.

2026-09-11 21:13:09 | INFO | P03 | JSON: START
2026-09-11 21:13:09 | INFO | P03 | JSON: wrote data\processed\json_astronauts_by_craft.txt
2026-09-11 21:13:09 | INFO | P03 | JSON: END
2026-09-11 21:13:09 | INFO | P03 | ===================================
2026-09-11 21:13:09 | INFO | P03 | XLSX pipeline
2026-09-11 21:13:09 | INFO | P03 | ===================================
2026-09-11 21:13:09 | INFO | P03 | Pipeline: 
Read the feedback Excel file,
extract text from the selected column,
count occurrences of the selected word,
verify the result,
and write the count to a text file.

2026-09-11 21:13:09 | INFO | P03 | Word: GitHub in column A
2026-09-11 21:13:09 | INFO | P03 | Why: 
Feedback mentions GitHub when students hit repository issues,
so counting the word estimates how often that came up.

2026-09-11 21:13:09 | INFO | P03 | XLSX: START
2026-09-11 21:13:09 | INFO | P03 | XLSX: wrote data\processed\xlsx_feedback_github_count.txt
2026-09-11 21:13:09 | INFO | P03 | XLSX: END
2026-09-11 21:13:09 | INFO | P03 | ===================================
2026-09-11 21:13:09 | INFO | P03 | TEXT pipeline
2026-09-11 21:13:09 | INFO | P03 | ===================================
2026-09-11 21:13:09 | INFO | P03 | Pipeline: 
Read the Romeo and Juliet text file,
count its lines, words, and characters,
verify the results,
and write the summary to a text file.

2026-09-11 21:13:09 | INFO | P03 | Why: 
Line, word, and character counts give a quick size profile
of a plain-text document before any deeper reading.

2026-09-11 21:13:09 | INFO | P03 | TXT: START
2026-09-11 21:13:09 | INFO | P03 | TXT: wrote data\processed\txt_summary.txt
2026-09-11 21:13:09 | INFO | P03 | TXT: END
2026-09-11 21:13:09 | INFO | P03 | ===================================
2026-09-11 21:13:09 | INFO | P03 | END main() - Executed successfully!
2026-09-11 21:13:09 | INFO | P03 | ===================================
2026-09-11 21:20:41 | INFO | P03 | === RUN START ===
2026-09-11 21:20:41 | INFO | P03 | project=P03
2026-09-11 21:20:41 | INFO | P03 | repo_dir=datafun-03-analytics
2026-09-11 21:20:41 | INFO | P03 | python=3.14.7
2026-09-11 21:20:41 | INFO | P03 | os=Windows 11
2026-09-11 21:20:41 | INFO | P03 | shell=powershell
2026-09-11 21:20:41 | INFO | P03 | cwd=.
2026-09-11 21:20:41 | INFO | P03 | github_actions=False
2026-09-11 21:20:41 | INFO | P03 | ===================================
2026-09-11 21:20:41 | INFO | P03 | START main()
2026-09-11 21:20:41 | INFO | P03 | ===================================
2026-09-11 21:20:41 | INFO | P03 | raw folder = data\raw
2026-09-11 21:20:41 | INFO | P03 | processed folder = data\processed
2026-09-11 21:20:41 | INFO | P03 | ===================================
2026-09-11 21:20:41 | INFO | P03 | CSV pipeline
2026-09-11 21:20:41 | INFO | P03 | ===================================
2026-09-11 21:20:41 | INFO | P03 | Pipeline: 
Read the fictional double reed inventory CSV file,
extract the current value column,
calculate descriptive statistics,
verify the results,
and write the statistics to a text file.

2026-09-11 21:20:41 | INFO | P03 | Column: current_value
2026-09-11 21:20:41 | INFO | P03 | Why: 
Current value provides a useful first summary of the financial value
of the fictional double reed inventory before comparing value with age.

2026-09-11 21:20:41 | INFO | P03 | CSV: START
2026-09-11 21:20:41 | INFO | P03 | Extracted 10 rows from double_reed_inventory.csv
2026-09-11 21:20:41 | INFO | P03 | Calculated 10 instrument ages, skipped 0, from 'year_manufactured'
2026-09-11 21:20:41 | INFO | P03 | Calculated statistics: {'count': 10.0, 'min': 5.0, 'max': 31.0, 'mean': 17.7, 'stdev': 9.238205693988657}
2026-09-11 21:20:41 | INFO | P03 | Converted 10 values, skipped 0, from 'current_value'
2026-09-11 21:20:41 | INFO | P03 | Calculated statistics: {'count': 10.0, 'min': 1800.0, 'max': 12000.0, 'mean': 5620.0, 'stdev': 3250.5725991311474}
2026-09-11 21:20:41 | INFO | P03 | Verified statistics: all checks passed.
2026-09-11 21:20:41 | INFO | P03 | Verified statistics: all checks passed.
2026-09-11 21:20:41 | INFO | P03 | Wrote report to csv_current_value_stats.txt
2026-09-11 21:20:41 | INFO | P03 | CSV: wrote data\processed\csv_current_value_stats.txt
2026-09-11 21:20:41 | INFO | P03 | CSV: END
2026-09-11 21:20:41 | INFO | P03 | ===================================
2026-09-11 21:20:41 | INFO | P03 | JSON pipeline
2026-09-11 21:20:41 | INFO | P03 | ===================================
2026-09-11 21:20:41 | INFO | P03 | Pipeline: 
Read the astronauts JSON file,
extract the list of people,
count people by spacecraft,
verify the results,
and write the counts to a text file.

2026-09-11 21:20:41 | INFO | P03 | Grouping: people by craft
2026-09-11 21:20:41 | INFO | P03 | Why: 
Each person is assigned to a craft, so counting by craft shows
how the crew is distributed across spacecraft.

2026-09-11 21:20:41 | INFO | P03 | JSON: START
2026-09-11 21:20:41 | INFO | P03 | JSON: wrote data\processed\json_astronauts_by_craft.txt
2026-09-11 21:20:41 | INFO | P03 | JSON: END
2026-09-11 21:20:41 | INFO | P03 | ===================================
2026-09-11 21:20:41 | INFO | P03 | XLSX pipeline
2026-09-11 21:20:41 | INFO | P03 | ===================================
2026-09-11 21:20:41 | INFO | P03 | Pipeline: 
Read the feedback Excel file,
extract text from the selected column,
count occurrences of the selected word,
verify the result,
and write the count to a text file.

2026-09-11 21:20:41 | INFO | P03 | Word: GitHub in column A
2026-09-11 21:20:41 | INFO | P03 | Why: 
Feedback mentions GitHub when students hit repository issues,
so counting the word estimates how often that came up.

2026-09-11 21:20:41 | INFO | P03 | XLSX: START
2026-09-11 21:20:41 | INFO | P03 | XLSX: wrote data\processed\xlsx_feedback_github_count.txt
2026-09-11 21:20:41 | INFO | P03 | XLSX: END
2026-09-11 21:20:41 | INFO | P03 | ===================================
2026-09-11 21:20:41 | INFO | P03 | TEXT pipeline
2026-09-11 21:20:41 | INFO | P03 | ===================================
2026-09-11 21:20:41 | INFO | P03 | Pipeline: 
Read the Romeo and Juliet text file,
count its lines, words, and characters,
verify the results,
and write the summary to a text file.

2026-09-11 21:20:41 | INFO | P03 | Why: 
Line, word, and character counts give a quick size profile
of a plain-text document before any deeper reading.

2026-09-11 21:20:41 | INFO | P03 | TXT: START
2026-09-11 21:20:41 | INFO | P03 | TXT: wrote data\processed\txt_summary.txt
2026-09-11 21:20:41 | INFO | P03 | TXT: END
2026-09-11 21:20:41 | INFO | P03 | ===================================
2026-09-11 21:20:41 | INFO | P03 | END main() - Executed successfully!
2026-09-11 21:20:41 | INFO | P03 | ===================================
2026-09-11 21:29:17 | INFO | P03 | === RUN START ===
2026-09-11 21:29:17 | INFO | P03 | project=P03
2026-09-11 21:29:17 | INFO | P03 | repo_dir=datafun-03-analytics
2026-09-11 21:29:17 | INFO | P03 | python=3.14.7
2026-09-11 21:29:17 | INFO | P03 | os=Windows 11
2026-09-11 21:29:17 | INFO | P03 | shell=powershell
2026-09-11 21:29:17 | INFO | P03 | cwd=.
2026-09-11 21:29:17 | INFO | P03 | github_actions=False
2026-09-11 21:29:17 | INFO | P03 | ===================================
2026-09-11 21:29:17 | INFO | P03 | START main()
2026-09-11 21:29:17 | INFO | P03 | ===================================
2026-09-11 21:29:17 | INFO | P03 | raw folder = data\raw
2026-09-11 21:29:17 | INFO | P03 | processed folder = data\processed
2026-09-11 21:29:17 | INFO | P03 | ===================================
2026-09-11 21:29:17 | INFO | P03 | CSV pipeline
2026-09-11 21:29:17 | INFO | P03 | ===================================
2026-09-11 21:29:17 | INFO | P03 | Pipeline: 
Read the fictional double reed inventory CSV file,
extract the current value column,
calculate descriptive statistics,
verify the results,
and write the statistics to a text file.

2026-09-11 21:29:17 | INFO | P03 | Column: current_value
2026-09-11 21:29:17 | INFO | P03 | Why: 
Current value provides a useful first summary of the financial value
of the fictional double reed inventory before comparing value with age.

2026-09-11 21:29:17 | INFO | P03 | CSV: START
2026-09-11 21:29:17 | INFO | P03 | Extracted 10 rows from double_reed_inventory.csv
2026-09-11 21:29:17 | INFO | P03 | Calculated 10 instrument ages, skipped 0, from 'year_manufactured'
2026-09-11 21:29:17 | INFO | P03 | Calculated statistics: {'count': 10.0, 'min': 5.0, 'max': 31.0, 'mean': 17.7, 'stdev': 9.238205693988657}
2026-09-11 21:29:17 | INFO | P03 | Converted 10 values, skipped 0, from 'current_value'
2026-09-11 21:29:17 | INFO | P03 | Calculated statistics: {'count': 10.0, 'min': 1800.0, 'max': 12000.0, 'mean': 5620.0, 'stdev': 3250.5725991311474}
2026-09-11 21:29:17 | INFO | P03 | Verified statistics: all checks passed.
2026-09-11 21:29:17 | INFO | P03 | Verified statistics: all checks passed.
2026-09-11 21:29:17 | INFO | P03 | Wrote age and value report to csv_age_value_stats.txt
2026-09-11 21:29:17 | INFO | P03 | CSV: wrote data\processed\csv_age_value_stats.txt
2026-09-11 21:29:17 | INFO | P03 | CSV: END
2026-09-11 21:29:17 | INFO | P03 | ===================================
2026-09-11 21:29:17 | INFO | P03 | JSON pipeline
2026-09-11 21:29:17 | INFO | P03 | ===================================
2026-09-11 21:29:17 | INFO | P03 | Pipeline: 
Read the astronauts JSON file,
extract the list of people,
count people by spacecraft,
verify the results,
and write the counts to a text file.

2026-09-11 21:29:17 | INFO | P03 | Grouping: people by craft
2026-09-11 21:29:17 | INFO | P03 | Why: 
Each person is assigned to a craft, so counting by craft shows
how the crew is distributed across spacecraft.

2026-09-11 21:29:17 | INFO | P03 | JSON: START
2026-09-11 21:29:17 | INFO | P03 | JSON: wrote data\processed\json_astronauts_by_craft.txt
2026-09-11 21:29:17 | INFO | P03 | JSON: END
2026-09-11 21:29:17 | INFO | P03 | ===================================
2026-09-11 21:29:17 | INFO | P03 | XLSX pipeline
2026-09-11 21:29:17 | INFO | P03 | ===================================
2026-09-11 21:29:17 | INFO | P03 | Pipeline: 
Read the feedback Excel file,
extract text from the selected column,
count occurrences of the selected word,
verify the result,
and write the count to a text file.

2026-09-11 21:29:17 | INFO | P03 | Word: GitHub in column A
2026-09-11 21:29:17 | INFO | P03 | Why: 
Feedback mentions GitHub when students hit repository issues,
so counting the word estimates how often that came up.

2026-09-11 21:29:17 | INFO | P03 | XLSX: START
2026-09-11 21:29:17 | INFO | P03 | XLSX: wrote data\processed\xlsx_feedback_github_count.txt
2026-09-11 21:29:17 | INFO | P03 | XLSX: END
2026-09-11 21:29:17 | INFO | P03 | ===================================
2026-09-11 21:29:17 | INFO | P03 | TEXT pipeline
2026-09-11 21:29:17 | INFO | P03 | ===================================
2026-09-11 21:29:17 | INFO | P03 | Pipeline: 
Read the Romeo and Juliet text file,
count its lines, words, and characters,
verify the results,
and write the summary to a text file.

2026-09-11 21:29:17 | INFO | P03 | Why: 
Line, word, and character counts give a quick size profile
of a plain-text document before any deeper reading.

2026-09-11 21:29:17 | INFO | P03 | TXT: START
2026-09-11 21:29:17 | INFO | P03 | TXT: wrote data\processed\txt_summary.txt
2026-09-11 21:29:17 | INFO | P03 | TXT: END
2026-09-11 21:29:17 | INFO | P03 | ===================================
2026-09-11 21:29:17 | INFO | P03 | END main() - Executed successfully!
2026-09-11 21:29:17 | INFO | P03 | ===================================
2026-09-11 22:24:04 | INFO | P03 | === RUN START ===
2026-09-11 22:24:04 | INFO | P03 | project=P03
2026-09-11 22:24:04 | INFO | P03 | repo_dir=datafun-03-analytics
2026-09-11 22:24:04 | INFO | P03 | python=3.14.7
2026-09-11 22:24:04 | INFO | P03 | os=Windows 11
2026-09-11 22:24:04 | INFO | P03 | shell=powershell
2026-09-11 22:24:04 | INFO | P03 | cwd=.
2026-09-11 22:24:04 | INFO | P03 | github_actions=False
2026-09-11 22:24:04 | INFO | P03 | ===================================
2026-09-11 22:24:04 | INFO | P03 | START main()
2026-09-11 22:24:04 | INFO | P03 | ===================================
2026-09-11 22:24:04 | INFO | P03 | raw folder = data\raw
2026-09-11 22:24:04 | INFO | P03 | processed folder = data\processed
2026-09-11 22:24:04 | INFO | P03 | ===================================
2026-09-11 22:24:04 | INFO | P03 | CSV pipeline
2026-09-11 22:24:04 | INFO | P03 | ===================================
2026-09-11 22:24:04 | INFO | P03 | Pipeline: 
Read the fictional double reed inventory CSV file,
extract the current value column,
calculate descriptive statistics,
verify the results,
and write the statistics to a text file.

2026-09-11 22:24:04 | INFO | P03 | Column: current_value
2026-09-11 22:24:04 | INFO | P03 | Why: 
Current value provides a useful first summary of the financial value
of the fictional double reed inventory before comparing value with age.

2026-09-11 22:24:04 | INFO | P03 | CSV: START
2026-09-11 22:24:04 | INFO | P03 | Extracted 10 rows from double_reed_inventory.csv
2026-09-11 22:24:04 | INFO | P03 | Calculated 10 instrument ages, skipped 0, from 'year_manufactured'
2026-09-11 22:24:04 | INFO | P03 | Calculated statistics: {'count': 10.0, 'min': 5.0, 'max': 31.0, 'mean': 17.7, 'stdev': 9.238205693988657}
2026-09-11 22:24:04 | INFO | P03 | Converted 10 values, skipped 0, from 'current_value'
2026-09-11 22:24:04 | INFO | P03 | Calculated statistics: {'count': 10.0, 'min': 1800.0, 'max': 12000.0, 'mean': 5620.0, 'stdev': 3250.5725991311474}
2026-09-11 22:24:04 | INFO | P03 | Verified statistics: all checks passed.
2026-09-11 22:24:04 | INFO | P03 | Verified statistics: all checks passed.
2026-09-11 22:24:04 | INFO | P03 | Wrote age and value report to csv_age_value_stats.txt
2026-09-11 22:24:04 | INFO | P03 | CSV: wrote data\processed\csv_age_value_stats.txt
2026-09-11 22:24:04 | INFO | P03 | CSV: END
2026-09-11 22:24:04 | INFO | P03 | ===================================
2026-09-11 22:24:04 | INFO | P03 | JSON pipeline
2026-09-11 22:24:04 | INFO | P03 | ===================================
2026-09-11 22:24:04 | INFO | P03 | Pipeline: 
Read the astronauts JSON file,
extract the list of people,
count people by spacecraft,
verify the results,
and write the counts to a text file.

2026-09-11 22:24:04 | INFO | P03 | Grouping: instruments by location
2026-09-11 22:24:04 | INFO | P03 | Why: 
Each instrument is assigned to a location, so counting by location shows
how the instruments are distributed across different areas.

2026-09-11 22:24:04 | INFO | P03 | JSON: START
2026-09-11 22:24:04 | INFO | P03 | JSON: wrote data\processed\json_instruments_by_location.txt
2026-09-11 22:24:04 | INFO | P03 | JSON: END
2026-09-11 22:24:04 | INFO | P03 | ===================================
2026-09-11 22:24:04 | INFO | P03 | XLSX pipeline
2026-09-11 22:24:04 | INFO | P03 | ===================================
2026-09-11 22:24:04 | INFO | P03 | Pipeline: 
Read the feedback Excel file,
extract text from the selected column,
count occurrences of the selected word,
verify the result,
and write the count to a text file.

2026-09-11 22:24:04 | INFO | P03 | Word: GitHub in column A
2026-09-11 22:24:04 | INFO | P03 | Why: 
Feedback mentions GitHub when students hit repository issues,
so counting the word estimates how often that came up.

2026-09-11 22:24:04 | INFO | P03 | XLSX: START
2026-09-11 22:24:04 | INFO | P03 | XLSX: wrote data\processed\xlsx_feedback_github_count.txt
2026-09-11 22:24:04 | INFO | P03 | XLSX: END
2026-09-11 22:24:04 | INFO | P03 | ===================================
2026-09-11 22:24:04 | INFO | P03 | TEXT pipeline
2026-09-11 22:24:04 | INFO | P03 | ===================================
2026-09-11 22:24:04 | INFO | P03 | Pipeline: 
Read the Romeo and Juliet text file,
count its lines, words, and characters,
verify the results,
and write the summary to a text file.

2026-09-11 22:24:04 | INFO | P03 | Why: 
Line, word, and character counts give a quick size profile
of a plain-text document before any deeper reading.

2026-09-11 22:24:04 | INFO | P03 | TXT: START
2026-09-11 22:24:04 | INFO | P03 | TXT: wrote data\processed\txt_summary.txt
2026-09-11 22:24:04 | INFO | P03 | TXT: END
2026-09-11 22:24:04 | INFO | P03 | ===================================
2026-09-11 22:24:04 | INFO | P03 | END main() - Executed successfully!
2026-09-11 22:24:04 | INFO | P03 | ===================================
2026-09-11 22:33:40 | INFO | P03 | === RUN START ===
2026-09-11 22:33:40 | INFO | P03 | project=P03
2026-09-11 22:33:40 | INFO | P03 | repo_dir=datafun-03-analytics
2026-09-11 22:33:40 | INFO | P03 | python=3.14.7
2026-09-11 22:33:40 | INFO | P03 | os=Windows 11
2026-09-11 22:33:40 | INFO | P03 | shell=powershell
2026-09-11 22:33:40 | INFO | P03 | cwd=.
2026-09-11 22:33:40 | INFO | P03 | github_actions=False
2026-09-11 22:33:40 | INFO | P03 | ===================================
2026-09-11 22:33:40 | INFO | P03 | START main()
2026-09-11 22:33:40 | INFO | P03 | ===================================
2026-09-11 22:33:40 | INFO | P03 | raw folder = data\raw
2026-09-11 22:33:40 | INFO | P03 | processed folder = data\processed
2026-09-11 22:33:40 | INFO | P03 | ===================================
2026-09-11 22:33:40 | INFO | P03 | CSV pipeline
2026-09-11 22:33:40 | INFO | P03 | ===================================
2026-09-11 22:33:40 | INFO | P03 | Pipeline: 
Read the fictional double reed inventory CSV file,
extract the current value column,
calculate descriptive statistics,
verify the results,
and write the statistics to a text file.

2026-09-11 22:33:40 | INFO | P03 | Column: current_value
2026-09-11 22:33:40 | INFO | P03 | Why: 
Current value provides a useful first summary of the financial value
of the fictional double reed inventory before comparing value with age.

2026-09-11 22:33:40 | INFO | P03 | CSV: START
2026-09-11 22:33:40 | INFO | P03 | Extracted 10 rows from double_reed_inventory.csv
2026-09-11 22:33:40 | INFO | P03 | Calculated 10 instrument ages, skipped 0, from 'year_manufactured'
2026-09-11 22:33:40 | INFO | P03 | Calculated statistics: {'count': 10.0, 'min': 5.0, 'max': 31.0, 'mean': 17.7, 'stdev': 9.238205693988657}
2026-09-11 22:33:40 | INFO | P03 | Converted 10 values, skipped 0, from 'current_value'
2026-09-11 22:33:40 | INFO | P03 | Calculated statistics: {'count': 10.0, 'min': 1800.0, 'max': 12000.0, 'mean': 5620.0, 'stdev': 3250.5725991311474}
2026-09-11 22:33:40 | INFO | P03 | Verified statistics: all checks passed.
2026-09-11 22:33:40 | INFO | P03 | Verified statistics: all checks passed.
2026-09-11 22:33:40 | INFO | P03 | Wrote age and value report to csv_age_value_stats.txt
2026-09-11 22:33:40 | INFO | P03 | CSV: wrote data\processed\csv_age_value_stats.txt
2026-09-11 22:33:40 | INFO | P03 | CSV: END
2026-09-11 22:33:40 | INFO | P03 | ===================================
2026-09-11 22:33:40 | INFO | P03 | JSON pipeline
2026-09-11 22:33:40 | INFO | P03 | ===================================
2026-09-11 22:33:40 | INFO | P03 | Pipeline: 
Read the astronauts JSON file,
extract the list of people,
count people by spacecraft,
verify the results,
and write the counts to a text file.

2026-09-11 22:33:40 | INFO | P03 | Grouping: instruments by location
2026-09-11 22:33:40 | INFO | P03 | Why: 
Each instrument is assigned to a location, so counting by location shows
how the instruments are distributed across different areas.

2026-09-11 22:33:40 | INFO | P03 | JSON: START
2026-09-11 22:33:40 | INFO | P03 | JSON: wrote data\processed\json_instruments_by_location.txt
2026-09-11 22:33:40 | INFO | P03 | JSON: END
2026-09-11 22:33:40 | INFO | P03 | ===================================
2026-09-11 22:33:40 | INFO | P03 | XLSX pipeline
2026-09-11 22:33:40 | INFO | P03 | ===================================
2026-09-11 22:33:40 | INFO | P03 | Pipeline: 
Read the feedback Excel file,
extract text from the selected column,
count occurrences of the selected word,
verify the result,
and write the count to a text file.

2026-09-11 22:33:40 | INFO | P03 | Word: repair in column A
2026-09-11 22:33:40 | INFO | P03 | Why: 
We are counting the instances of repair to see how often maintenance is needed for the double reed instruments.

2026-09-11 22:33:40 | INFO | P03 | XLSX: START
2026-09-11 22:33:40 | INFO | P03 | XLSX: wrote data\processed\xlsx_repair_count.txt
2026-09-11 22:33:40 | INFO | P03 | XLSX: END
2026-09-11 22:33:40 | INFO | P03 | ===================================
2026-09-11 22:33:40 | INFO | P03 | TEXT pipeline
2026-09-11 22:33:40 | INFO | P03 | ===================================
2026-09-11 22:33:40 | INFO | P03 | Pipeline: 
Read the Romeo and Juliet text file,
count its lines, words, and characters,
verify the results,
and write the summary to a text file.

2026-09-11 22:33:40 | INFO | P03 | Why: 
Line, word, and character counts give a quick size profile
of a plain-text document before any deeper reading.

2026-09-11 22:33:40 | INFO | P03 | TXT: START
2026-09-11 22:33:40 | INFO | P03 | TXT: wrote data\processed\txt_summary.txt
2026-09-11 22:33:40 | INFO | P03 | TXT: END
2026-09-11 22:33:40 | INFO | P03 | ===================================
2026-09-11 22:33:40 | INFO | P03 | END main() - Executed successfully!
2026-09-11 22:33:40 | INFO | P03 | ===================================
2026-09-11 22:39:46 | INFO | P03 | === RUN START ===
2026-09-11 22:39:46 | INFO | P03 | project=P03
2026-09-11 22:39:46 | INFO | P03 | repo_dir=datafun-03-analytics
2026-09-11 22:39:46 | INFO | P03 | python=3.14.7
2026-09-11 22:39:46 | INFO | P03 | os=Windows 11
2026-09-11 22:39:46 | INFO | P03 | shell=powershell
2026-09-11 22:39:46 | INFO | P03 | cwd=.
2026-09-11 22:39:46 | INFO | P03 | github_actions=False
2026-09-11 22:39:46 | INFO | P03 | ===================================
2026-09-11 22:39:46 | INFO | P03 | START main()
2026-09-11 22:39:46 | INFO | P03 | ===================================
2026-09-11 22:39:46 | INFO | P03 | raw folder = data\raw
2026-09-11 22:39:46 | INFO | P03 | processed folder = data\processed
2026-09-11 22:39:46 | INFO | P03 | ===================================
2026-09-11 22:39:46 | INFO | P03 | CSV pipeline
2026-09-11 22:39:46 | INFO | P03 | ===================================
2026-09-11 22:39:46 | INFO | P03 | Pipeline: 
Read the fictional double reed inventory CSV file,
extract the current value column,
calculate descriptive statistics,
verify the results,
and write the statistics to a text file.

2026-09-11 22:39:46 | INFO | P03 | Column: current_value
2026-09-11 22:39:46 | INFO | P03 | Why: 
Current value provides a useful first summary of the financial value
of the fictional double reed inventory before comparing value with age.

2026-09-11 22:39:46 | INFO | P03 | CSV: START
2026-09-11 22:39:46 | INFO | P03 | Extracted 10 rows from double_reed_inventory.csv
2026-09-11 22:39:46 | INFO | P03 | Calculated 10 instrument ages, skipped 0, from 'year_manufactured'
2026-09-11 22:39:46 | INFO | P03 | Calculated statistics: {'count': 10.0, 'min': 5.0, 'max': 31.0, 'mean': 17.7, 'stdev': 9.238205693988657}
2026-09-11 22:39:46 | INFO | P03 | Converted 10 values, skipped 0, from 'current_value'
2026-09-11 22:39:46 | INFO | P03 | Calculated statistics: {'count': 10.0, 'min': 1800.0, 'max': 12000.0, 'mean': 5620.0, 'stdev': 3250.5725991311474}
2026-09-11 22:39:46 | INFO | P03 | Verified statistics: all checks passed.
2026-09-11 22:39:46 | INFO | P03 | Verified statistics: all checks passed.
2026-09-11 22:39:47 | INFO | P03 | Wrote age and value report to csv_age_value_stats.txt
2026-09-11 22:39:47 | INFO | P03 | CSV: wrote data\processed\csv_age_value_stats.txt
2026-09-11 22:39:47 | INFO | P03 | CSV: END
2026-09-11 22:39:47 | INFO | P03 | ===================================
2026-09-11 22:39:47 | INFO | P03 | JSON pipeline
2026-09-11 22:39:47 | INFO | P03 | ===================================
2026-09-11 22:39:47 | INFO | P03 | Pipeline: 
Read the astronauts JSON file,
extract the list of people,
count people by spacecraft,
verify the results,
and write the counts to a text file.

2026-09-11 22:39:47 | INFO | P03 | Grouping: instruments by location
2026-09-11 22:39:47 | INFO | P03 | Why: 
Each instrument is assigned to a location, so counting by location shows
how the instruments are distributed across different areas.

2026-09-11 22:39:47 | INFO | P03 | JSON: START
2026-09-11 22:39:47 | INFO | P03 | JSON: wrote data\processed\json_instruments_by_location.txt
2026-09-11 22:39:47 | INFO | P03 | JSON: END
2026-09-11 22:39:47 | INFO | P03 | ===================================
2026-09-11 22:39:47 | INFO | P03 | XLSX pipeline
2026-09-11 22:39:47 | INFO | P03 | ===================================
2026-09-11 22:39:47 | INFO | P03 | Pipeline: 
Read the feedback Excel file,
extract text from the selected column,
count occurrences of the selected word,
verify the result,
and write the count to a text file.

2026-09-11 22:39:47 | INFO | P03 | Word: repair in column A
2026-09-11 22:39:47 | INFO | P03 | Why: 
We are counting the instances of repair to see how often maintenance is needed for the double reed instruments.

2026-09-11 22:39:47 | INFO | P03 | XLSX: START
2026-09-11 22:39:47 | INFO | P03 | XLSX: wrote data\processed\xlsx_repair_count.txt
2026-09-11 22:39:47 | INFO | P03 | XLSX: END
2026-09-11 22:39:47 | INFO | P03 | ===================================
2026-09-11 22:39:47 | INFO | P03 | TEXT pipeline
2026-09-11 22:39:47 | INFO | P03 | ===================================
2026-09-11 22:39:47 | INFO | P03 | Pipeline: 
Read the double reed maintenance notes text file,
count its lines, words, and characters,
verify the results,
and write the summary to a text file.

2026-09-11 22:39:47 | INFO | P03 | Why: 
Line, word, and character counts give a quick size profile
of a plain-text document before any deeper reading.

2026-09-11 22:39:47 | INFO | P03 | TXT: START
2026-09-11 22:43:25 | INFO | P03 | === RUN START ===
2026-09-11 22:43:25 | INFO | P03 | project=P03
2026-09-11 22:43:25 | INFO | P03 | repo_dir=datafun-03-analytics
2026-09-11 22:43:25 | INFO | P03 | python=3.14.7
2026-09-11 22:43:25 | INFO | P03 | os=Windows 11
2026-09-11 22:43:25 | INFO | P03 | shell=powershell
2026-09-11 22:43:25 | INFO | P03 | cwd=.
2026-09-11 22:43:25 | INFO | P03 | github_actions=False
2026-09-11 22:43:25 | INFO | P03 | ===================================
2026-09-11 22:43:25 | INFO | P03 | START main()
2026-09-11 22:43:25 | INFO | P03 | ===================================
2026-09-11 22:43:25 | INFO | P03 | raw folder = data\raw
2026-09-11 22:43:25 | INFO | P03 | processed folder = data\processed
2026-09-11 22:43:25 | INFO | P03 | ===================================
2026-09-11 22:43:25 | INFO | P03 | CSV pipeline
2026-09-11 22:43:25 | INFO | P03 | ===================================
2026-09-11 22:43:25 | INFO | P03 | Pipeline: 
Read the fictional double reed inventory CSV file,
extract the current value column,
calculate descriptive statistics,
verify the results,
and write the statistics to a text file.

2026-09-11 22:43:25 | INFO | P03 | Column: current_value
2026-09-11 22:43:25 | INFO | P03 | Why: 
Current value provides a useful first summary of the financial value
of the fictional double reed inventory before comparing value with age.

2026-09-11 22:43:25 | INFO | P03 | CSV: START
2026-09-11 22:43:25 | INFO | P03 | Extracted 10 rows from double_reed_inventory.csv
2026-09-11 22:43:25 | INFO | P03 | Calculated 10 instrument ages, skipped 0, from 'year_manufactured'
2026-09-11 22:43:25 | INFO | P03 | Calculated statistics: {'count': 10.0, 'min': 5.0, 'max': 31.0, 'mean': 17.7, 'stdev': 9.238205693988657}
2026-09-11 22:43:25 | INFO | P03 | Converted 10 values, skipped 0, from 'current_value'
2026-09-11 22:43:25 | INFO | P03 | Calculated statistics: {'count': 10.0, 'min': 1800.0, 'max': 12000.0, 'mean': 5620.0, 'stdev': 3250.5725991311474}
2026-09-11 22:43:25 | INFO | P03 | Verified statistics: all checks passed.
2026-09-11 22:43:25 | INFO | P03 | Verified statistics: all checks passed.
2026-09-11 22:43:25 | INFO | P03 | Wrote age and value report to csv_age_value_stats.txt
2026-09-11 22:43:25 | INFO | P03 | CSV: wrote data\processed\csv_age_value_stats.txt
2026-09-11 22:43:25 | INFO | P03 | CSV: END
2026-09-11 22:43:25 | INFO | P03 | ===================================
2026-09-11 22:43:25 | INFO | P03 | JSON pipeline
2026-09-11 22:43:25 | INFO | P03 | ===================================
2026-09-11 22:43:25 | INFO | P03 | Pipeline: 
Read the astronauts JSON file,
extract the list of people,
count people by spacecraft,
verify the results,
and write the counts to a text file.

2026-09-11 22:43:25 | INFO | P03 | Grouping: instruments by location
2026-09-11 22:43:25 | INFO | P03 | Why: 
Each instrument is assigned to a location, so counting by location shows
how the instruments are distributed across different areas.

2026-09-11 22:43:25 | INFO | P03 | JSON: START
2026-09-11 22:43:25 | INFO | P03 | JSON: wrote data\processed\json_instruments_by_location.txt
2026-09-11 22:43:25 | INFO | P03 | JSON: END
2026-09-11 22:43:25 | INFO | P03 | ===================================
2026-09-11 22:43:25 | INFO | P03 | XLSX pipeline
2026-09-11 22:43:25 | INFO | P03 | ===================================
2026-09-11 22:43:25 | INFO | P03 | Pipeline: 
Read the feedback Excel file,
extract text from the selected column,
count occurrences of the selected word,
verify the result,
and write the count to a text file.

2026-09-11 22:43:25 | INFO | P03 | Word: repair in column A
2026-09-11 22:43:25 | INFO | P03 | Why: 
We are counting the instances of repair to see how often maintenance is needed for the double reed instruments.

2026-09-11 22:43:25 | INFO | P03 | XLSX: START
2026-09-11 22:43:25 | INFO | P03 | XLSX: wrote data\processed\xlsx_repair_count.txt
2026-09-11 22:43:25 | INFO | P03 | XLSX: END
2026-09-11 22:43:25 | INFO | P03 | ===================================
2026-09-11 22:43:25 | INFO | P03 | TEXT pipeline
2026-09-11 22:43:25 | INFO | P03 | ===================================
2026-09-11 22:43:25 | INFO | P03 | Pipeline: 
Read the double reed maintenance notes text file,
count its lines, words, and characters,
verify the results,
and write the summary to a text file.

2026-09-11 22:43:25 | INFO | P03 | Why: 
Line, word, and character counts give a quick size profile
of a plain-text document before any deeper reading.

2026-09-11 22:43:25 | INFO | P03 | TXT: START
2026-09-11 22:43:51 | INFO | P03 | === RUN START ===
2026-09-11 22:43:51 | INFO | P03 | project=P03
2026-09-11 22:43:51 | INFO | P03 | repo_dir=datafun-03-analytics
2026-09-11 22:43:51 | INFO | P03 | python=3.14.7
2026-09-11 22:43:51 | INFO | P03 | os=Windows 11
2026-09-11 22:43:51 | INFO | P03 | shell=powershell
2026-09-11 22:43:51 | INFO | P03 | cwd=.
2026-09-11 22:43:51 | INFO | P03 | github_actions=False
2026-09-11 22:43:51 | INFO | P03 | ===================================
2026-09-11 22:43:51 | INFO | P03 | START main()
2026-09-11 22:43:51 | INFO | P03 | ===================================
2026-09-11 22:43:51 | INFO | P03 | raw folder = data\raw
2026-09-11 22:43:51 | INFO | P03 | processed folder = data\processed
2026-09-11 22:43:51 | INFO | P03 | ===================================
2026-09-11 22:43:51 | INFO | P03 | CSV pipeline
2026-09-11 22:43:51 | INFO | P03 | ===================================
2026-09-11 22:43:51 | INFO | P03 | Pipeline: 
Read the fictional double reed inventory CSV file,
extract the current value column,
calculate descriptive statistics,
verify the results,
and write the statistics to a text file.

2026-09-11 22:43:51 | INFO | P03 | Column: current_value
2026-09-11 22:43:51 | INFO | P03 | Why: 
Current value provides a useful first summary of the financial value
of the fictional double reed inventory before comparing value with age.

2026-09-11 22:43:51 | INFO | P03 | CSV: START
2026-09-11 22:43:51 | INFO | P03 | Extracted 10 rows from double_reed_inventory.csv
2026-09-11 22:43:51 | INFO | P03 | Calculated 10 instrument ages, skipped 0, from 'year_manufactured'
2026-09-11 22:43:51 | INFO | P03 | Calculated statistics: {'count': 10.0, 'min': 5.0, 'max': 31.0, 'mean': 17.7, 'stdev': 9.238205693988657}
2026-09-11 22:43:51 | INFO | P03 | Converted 10 values, skipped 0, from 'current_value'
2026-09-11 22:43:51 | INFO | P03 | Calculated statistics: {'count': 10.0, 'min': 1800.0, 'max': 12000.0, 'mean': 5620.0, 'stdev': 3250.5725991311474}
2026-09-11 22:43:51 | INFO | P03 | Verified statistics: all checks passed.
2026-09-11 22:43:51 | INFO | P03 | Verified statistics: all checks passed.
2026-09-11 22:43:51 | INFO | P03 | Wrote age and value report to csv_age_value_stats.txt
2026-09-11 22:43:51 | INFO | P03 | CSV: wrote data\processed\csv_age_value_stats.txt
2026-09-11 22:43:51 | INFO | P03 | CSV: END
2026-09-11 22:43:51 | INFO | P03 | ===================================
2026-09-11 22:43:51 | INFO | P03 | JSON pipeline
2026-09-11 22:43:51 | INFO | P03 | ===================================
2026-09-11 22:43:51 | INFO | P03 | Pipeline: 
Read the astronauts JSON file,
extract the list of people,
count people by spacecraft,
verify the results,
and write the counts to a text file.

2026-09-11 22:43:51 | INFO | P03 | Grouping: instruments by location
2026-09-11 22:43:51 | INFO | P03 | Why: 
Each instrument is assigned to a location, so counting by location shows
how the instruments are distributed across different areas.

2026-09-11 22:43:51 | INFO | P03 | JSON: START
2026-09-11 22:43:51 | INFO | P03 | JSON: wrote data\processed\json_instruments_by_location.txt
2026-09-11 22:43:51 | INFO | P03 | JSON: END
2026-09-11 22:43:51 | INFO | P03 | ===================================
2026-09-11 22:43:51 | INFO | P03 | XLSX pipeline
2026-09-11 22:43:51 | INFO | P03 | ===================================
2026-09-11 22:43:51 | INFO | P03 | Pipeline: 
Read the feedback Excel file,
extract text from the selected column,
count occurrences of the selected word,
verify the result,
and write the count to a text file.

2026-09-11 22:43:51 | INFO | P03 | Word: repair in column A
2026-09-11 22:43:51 | INFO | P03 | Why: 
We are counting the instances of repair to see how often maintenance is needed for the double reed instruments.

2026-09-11 22:43:51 | INFO | P03 | XLSX: START
2026-09-11 22:43:51 | INFO | P03 | XLSX: wrote data\processed\xlsx_repair_count.txt
2026-09-11 22:43:51 | INFO | P03 | XLSX: END
2026-09-11 22:43:51 | INFO | P03 | ===================================
2026-09-11 22:43:51 | INFO | P03 | TEXT pipeline
2026-09-11 22:43:51 | INFO | P03 | ===================================
2026-09-11 22:43:51 | INFO | P03 | Pipeline: 
Read the double reed maintenance notes text file,
count its lines, words, and characters,
verify the results,
and write the summary to a text file.

2026-09-11 22:43:51 | INFO | P03 | Why: 
Line, word, and character counts give a quick size profile
of a plain-text document before any deeper reading.

2026-09-11 22:43:51 | INFO | P03 | TXT: START
2026-09-11 22:44:14 | INFO | P03 | === RUN START ===
2026-09-11 22:44:14 | INFO | P03 | project=P03
2026-09-11 22:44:14 | INFO | P03 | repo_dir=datafun-03-analytics
2026-09-11 22:44:14 | INFO | P03 | python=3.14.7
2026-09-11 22:44:14 | INFO | P03 | os=Windows 11
2026-09-11 22:44:14 | INFO | P03 | shell=powershell
2026-09-11 22:44:14 | INFO | P03 | cwd=.
2026-09-11 22:44:14 | INFO | P03 | github_actions=False
2026-09-11 22:44:14 | INFO | P03 | ===================================
2026-09-11 22:44:14 | INFO | P03 | START main()
2026-09-11 22:44:14 | INFO | P03 | ===================================
2026-09-11 22:44:14 | INFO | P03 | raw folder = data\raw
2026-09-11 22:44:14 | INFO | P03 | processed folder = data\processed
2026-09-11 22:44:14 | INFO | P03 | ===================================
2026-09-11 22:44:14 | INFO | P03 | CSV pipeline
2026-09-11 22:44:14 | INFO | P03 | ===================================
2026-09-11 22:44:14 | INFO | P03 | Pipeline: 
Read the fictional double reed inventory CSV file,
extract the current value column,
calculate descriptive statistics,
verify the results,
and write the statistics to a text file.

2026-09-11 22:44:14 | INFO | P03 | Column: current_value
2026-09-11 22:44:14 | INFO | P03 | Why: 
Current value provides a useful first summary of the financial value
of the fictional double reed inventory before comparing value with age.

2026-09-11 22:44:14 | INFO | P03 | CSV: START
2026-09-11 22:44:14 | INFO | P03 | Extracted 10 rows from double_reed_inventory.csv
2026-09-11 22:44:14 | INFO | P03 | Calculated 10 instrument ages, skipped 0, from 'year_manufactured'
2026-09-11 22:44:14 | INFO | P03 | Calculated statistics: {'count': 10.0, 'min': 5.0, 'max': 31.0, 'mean': 17.7, 'stdev': 9.238205693988657}
2026-09-11 22:44:14 | INFO | P03 | Converted 10 values, skipped 0, from 'current_value'
2026-09-11 22:44:14 | INFO | P03 | Calculated statistics: {'count': 10.0, 'min': 1800.0, 'max': 12000.0, 'mean': 5620.0, 'stdev': 3250.5725991311474}
2026-09-11 22:44:14 | INFO | P03 | Verified statistics: all checks passed.
2026-09-11 22:44:14 | INFO | P03 | Verified statistics: all checks passed.
2026-09-11 22:44:14 | INFO | P03 | Wrote age and value report to csv_age_value_stats.txt
2026-09-11 22:44:14 | INFO | P03 | CSV: wrote data\processed\csv_age_value_stats.txt
2026-09-11 22:44:14 | INFO | P03 | CSV: END
2026-09-11 22:44:14 | INFO | P03 | ===================================
2026-09-11 22:44:14 | INFO | P03 | JSON pipeline
2026-09-11 22:44:14 | INFO | P03 | ===================================
2026-09-11 22:44:14 | INFO | P03 | Pipeline: 
Read the astronauts JSON file,
extract the list of people,
count people by spacecraft,
verify the results,
and write the counts to a text file.

2026-09-11 22:44:14 | INFO | P03 | Grouping: instruments by location
2026-09-11 22:44:14 | INFO | P03 | Why: 
Each instrument is assigned to a location, so counting by location shows
how the instruments are distributed across different areas.

2026-09-11 22:44:14 | INFO | P03 | JSON: START
2026-09-11 22:44:14 | INFO | P03 | JSON: wrote data\processed\json_instruments_by_location.txt
2026-09-11 22:44:14 | INFO | P03 | JSON: END
2026-09-11 22:44:14 | INFO | P03 | ===================================
2026-09-11 22:44:14 | INFO | P03 | XLSX pipeline
2026-09-11 22:44:14 | INFO | P03 | ===================================
2026-09-11 22:44:14 | INFO | P03 | Pipeline: 
Read the feedback Excel file,
extract text from the selected column,
count occurrences of the selected word,
verify the result,
and write the count to a text file.

2026-09-11 22:44:14 | INFO | P03 | Word: repair in column A
2026-09-11 22:44:14 | INFO | P03 | Why: 
We are counting the instances of repair to see how often maintenance is needed for the double reed instruments.

2026-09-11 22:44:14 | INFO | P03 | XLSX: START
2026-09-11 22:44:14 | INFO | P03 | XLSX: wrote data\processed\xlsx_repair_count.txt
2026-09-11 22:44:14 | INFO | P03 | XLSX: END
2026-09-11 22:44:14 | INFO | P03 | ===================================
2026-09-11 22:44:14 | INFO | P03 | TEXT pipeline
2026-09-11 22:44:14 | INFO | P03 | ===================================
2026-09-11 22:44:14 | INFO | P03 | Pipeline: 
Read the double reed maintenance notes text file,
count its lines, words, and characters,
verify the results,
and write the summary to a text file.

2026-09-11 22:44:14 | INFO | P03 | Why: 
Line, word, and character counts give a quick size profile
of a plain-text document before any deeper reading.

2026-09-11 22:44:14 | INFO | P03 | TXT: START
2026-09-11 22:44:14 | INFO | P03 | TXT: wrote data\processed\txt_maintenance_summary.txt
2026-09-11 22:44:14 | INFO | P03 | TXT: END
2026-09-11 22:44:14 | INFO | P03 | ===================================
2026-09-11 22:44:14 | INFO | P03 | END main() - Executed successfully!
2026-09-11 22:44:14 | INFO | P03 | ===================================
2026-09-11 22:59:12 | INFO | P03 | === RUN START ===
2026-09-11 22:59:12 | INFO | P03 | project=P03
2026-09-11 22:59:12 | INFO | P03 | repo_dir=datafun-03-analytics
2026-09-11 22:59:12 | INFO | P03 | python=3.14.7
2026-09-11 22:59:12 | INFO | P03 | os=Windows 11
2026-09-11 22:59:12 | INFO | P03 | shell=powershell
2026-09-11 22:59:12 | INFO | P03 | cwd=.
2026-09-11 22:59:12 | INFO | P03 | github_actions=False
2026-09-11 22:59:12 | INFO | P03 | ===================================
2026-09-11 22:59:12 | INFO | P03 | START main()
2026-09-11 22:59:12 | INFO | P03 | ===================================
2026-09-11 22:59:12 | INFO | P03 | raw folder = data\raw
2026-09-11 22:59:12 | INFO | P03 | processed folder = data\processed
2026-09-11 22:59:12 | INFO | P03 | ===================================
2026-09-11 22:59:12 | INFO | P03 | CSV pipeline
2026-09-11 22:59:12 | INFO | P03 | ===================================
2026-09-11 22:59:12 | INFO | P03 | Pipeline: 
Read the fictional double reed inventory CSV file,
extract the current value column,
calculate descriptive statistics,
verify the results,
and write the statistics to a text file.

2026-09-11 22:59:12 | INFO | P03 | Column: current_value
2026-09-11 22:59:12 | INFO | P03 | Why: 
Current value provides a useful first summary of the financial value
of the fictional double reed inventory before comparing value with age.

2026-09-11 22:59:12 | INFO | P03 | CSV: START
2026-09-11 22:59:12 | INFO | P03 | Extracted 10 rows from double_reed_inventory.csv
2026-09-11 22:59:12 | INFO | P03 | Calculated 10 instrument ages, skipped 0, from 'year_manufactured'
2026-09-11 22:59:12 | INFO | P03 | Calculated statistics: {'count': 10.0, 'min': 5.0, 'max': 31.0, 'mean': 17.7, 'stdev': 9.238205693988657}
2026-09-11 22:59:12 | INFO | P03 | Converted 10 values, skipped 0, from 'current_value'
2026-09-11 22:59:12 | INFO | P03 | Calculated statistics: {'count': 10.0, 'min': 1800.0, 'max': 12000.0, 'mean': 5620.0, 'stdev': 3250.5725991311474}
2026-09-11 22:59:12 | INFO | P03 | Verified statistics: all checks passed.
2026-09-11 22:59:12 | INFO | P03 | Verified statistics: all checks passed.
2026-09-11 22:59:12 | INFO | P03 | Wrote age and value report to csv_age_value_stats.txt
2026-09-11 22:59:12 | INFO | P03 | CSV: wrote data\processed\csv_age_value_stats.txt
2026-09-11 22:59:12 | INFO | P03 | CSV: END
2026-09-11 22:59:12 | INFO | P03 | ===================================
2026-09-11 22:59:12 | INFO | P03 | JSON pipeline
2026-09-11 22:59:12 | INFO | P03 | ===================================
2026-09-11 22:59:12 | INFO | P03 | Pipeline: 
Read the astronauts JSON file,
extract the list of people,
count people by spacecraft,
verify the results,
and write the counts to a text file.

2026-09-11 22:59:12 | INFO | P03 | Grouping: instruments by location
2026-09-11 22:59:12 | INFO | P03 | Why: 
Each instrument is assigned to a location, so counting by location shows
how the instruments are distributed across different areas.

2026-09-11 22:59:12 | INFO | P03 | JSON: START
2026-09-11 22:59:12 | INFO | P03 | JSON: wrote data\processed\json_instruments_by_location.txt
2026-09-11 22:59:12 | INFO | P03 | JSON: END
2026-09-11 22:59:12 | INFO | P03 | ===================================
2026-09-11 22:59:12 | INFO | P03 | XLSX pipeline
2026-09-11 22:59:12 | INFO | P03 | ===================================
2026-09-11 22:59:12 | INFO | P03 | Pipeline: 
Read the feedback Excel file,
extract text from the selected column,
count occurrences of the selected word,
verify the result,
and write the count to a text file.

2026-09-11 22:59:12 | INFO | P03 | Word: repair in column A
2026-09-11 22:59:12 | INFO | P03 | Why: 
We are counting the instances of repair to see how often maintenance is needed for the double reed instruments.

2026-09-11 22:59:12 | INFO | P03 | XLSX: START
2026-09-11 22:59:12 | INFO | P03 | XLSX: wrote data\processed\xlsx_repair_count.txt
2026-09-11 22:59:12 | INFO | P03 | XLSX: END
2026-09-11 22:59:12 | INFO | P03 | ===================================
2026-09-11 22:59:12 | INFO | P03 | TEXT pipeline
2026-09-11 22:59:12 | INFO | P03 | ===================================
2026-09-11 22:59:12 | INFO | P03 | Pipeline: 
Read the double reed maintenance notes text file,
count its lines, words, and characters,
verify the results,
and write the summary to a text file.

2026-09-11 22:59:12 | INFO | P03 | Why: 
Line, word, and character counts give a quick size profile
of a plain-text document before any deeper reading.

2026-09-11 22:59:12 | INFO | P03 | TXT: START
2026-09-11 22:59:12 | INFO | P03 | TXT: wrote data\processed\txt_maintenance_summary.txt
2026-09-11 22:59:12 | INFO | P03 | TXT: END
2026-09-11 22:59:12 | INFO | P03 | ===================================
2026-09-11 22:59:12 | INFO | P03 | END main() - Executed successfully!
2026-09-11 22:59:12 | INFO | P03 | ===================================
2026-09-11 23:05:32 | INFO | P03 | === RUN START ===
2026-09-11 23:05:32 | INFO | P03 | project=P03
2026-09-11 23:05:32 | INFO | P03 | repo_dir=datafun-03-analytics
2026-09-11 23:05:32 | INFO | P03 | python=3.14.7
2026-09-11 23:05:33 | INFO | P03 | os=Windows 11
2026-09-11 23:05:33 | INFO | P03 | shell=powershell
2026-09-11 23:05:33 | INFO | P03 | cwd=.
2026-09-11 23:05:33 | INFO | P03 | github_actions=False
2026-09-11 23:05:33 | INFO | P03 | ===================================
2026-09-11 23:05:33 | INFO | P03 | START main()
2026-09-11 23:05:33 | INFO | P03 | ===================================
2026-09-11 23:05:33 | INFO | P03 | raw folder = data\raw
2026-09-11 23:05:33 | INFO | P03 | processed folder = data\processed
2026-09-11 23:05:33 | INFO | P03 | ===================================
2026-09-11 23:05:33 | INFO | P03 | CSV pipeline
2026-09-11 23:05:33 | INFO | P03 | ===================================
2026-09-11 23:05:33 | INFO | P03 | Pipeline: 
Read the fictional double reed inventory CSV file,
extract the current value column,
calculate descriptive statistics,
verify the results,
and write the statistics to a text file.

2026-09-11 23:05:33 | INFO | P03 | Column: current_value
2026-09-11 23:05:33 | INFO | P03 | Why: 
Current value provides a useful first summary of the financial value
of the fictional double reed inventory before comparing value with age.

2026-09-11 23:05:33 | INFO | P03 | CSV: START
2026-09-11 23:05:33 | INFO | P03 | Extracted 10 rows from double_reed_inventory.csv
2026-09-11 23:05:33 | INFO | P03 | Calculated 10 instrument ages, skipped 0, from 'year_manufactured'
2026-09-11 23:05:33 | INFO | P03 | Calculated statistics: {'count': 10.0, 'min': 5.0, 'max': 31.0, 'mean': 17.7, 'stdev': 9.238205693988657}
2026-09-11 23:05:33 | INFO | P03 | Converted 10 values, skipped 0, from 'current_value'
2026-09-11 23:05:33 | INFO | P03 | Calculated statistics: {'count': 10.0, 'min': 1800.0, 'max': 12000.0, 'mean': 5620.0, 'stdev': 3250.5725991311474}
2026-09-11 23:05:33 | INFO | P03 | Verified statistics: all checks passed.
2026-09-11 23:05:33 | INFO | P03 | Verified statistics: all checks passed.
2026-09-11 23:05:33 | INFO | P03 | Wrote age and value report to csv_age_value_stats.txt
2026-09-11 23:05:33 | INFO | P03 | CSV: wrote data\processed\csv_age_value_stats.txt
2026-09-11 23:05:33 | INFO | P03 | CSV: END
2026-09-11 23:05:33 | INFO | P03 | ===================================
2026-09-11 23:05:33 | INFO | P03 | JSON pipeline
2026-09-11 23:05:33 | INFO | P03 | ===================================
2026-09-11 23:05:33 | INFO | P03 | Pipeline: 
Read the astronauts JSON file,
extract the list of people,
count people by spacecraft,
verify the results,
and write the counts to a text file.

2026-09-11 23:05:33 | INFO | P03 | Grouping: instruments by location
2026-09-11 23:05:33 | INFO | P03 | Why: 
Each instrument is assigned to a location, so counting by location shows
how the instruments are distributed across different areas.

2026-09-11 23:05:33 | INFO | P03 | JSON: START
2026-09-11 23:05:33 | INFO | P03 | JSON: wrote data\processed\json_instruments_by_location.txt
2026-09-11 23:05:33 | INFO | P03 | JSON: END
2026-09-11 23:05:33 | INFO | P03 | ===================================
2026-09-11 23:05:33 | INFO | P03 | XLSX pipeline
2026-09-11 23:05:33 | INFO | P03 | ===================================
2026-09-11 23:05:33 | INFO | P03 | Pipeline: 
Read the feedback Excel file,
extract text from the selected column,
count occurrences of the selected word,
verify the result,
and write the count to a text file.

2026-09-11 23:05:33 | INFO | P03 | Word: repair in column A
2026-09-11 23:05:33 | INFO | P03 | Why: 
We are counting the instances of repair to see how often maintenance is needed for the double reed instruments.

2026-09-11 23:05:33 | INFO | P03 | XLSX: START
2026-09-11 23:05:33 | INFO | P03 | XLSX: wrote data\processed\xlsx_repair_count.txt
2026-09-11 23:05:33 | INFO | P03 | XLSX: END
2026-09-11 23:05:33 | INFO | P03 | ===================================
2026-09-11 23:05:33 | INFO | P03 | TEXT pipeline
2026-09-11 23:05:33 | INFO | P03 | ===================================
2026-09-11 23:05:33 | INFO | P03 | Pipeline: 
Read the double reed maintenance notes text file,
count its lines, words, and characters,
verify the results,
and write the summary to a text file.

2026-09-11 23:05:33 | INFO | P03 | Why: 
Line, word, and character counts give a quick size profile
of a plain-text document before any deeper reading.

2026-09-11 23:05:33 | INFO | P03 | TXT: START
2026-09-11 23:05:33 | INFO | P03 | TXT: wrote data\processed\txt_maintenance_summary.txt
2026-09-11 23:05:33 | INFO | P03 | TXT: END
2026-09-11 23:05:33 | INFO | P03 | ===================================
2026-09-11 23:05:33 | INFO | P03 | END main() - Executed successfully!
2026-09-11 23:05:33 | INFO | P03 | ===================================
2026-09-11 23:22:46 | INFO | P03 | === RUN START ===
2026-09-11 23:22:46 | INFO | P03 | project=P03
2026-09-11 23:22:46 | INFO | P03 | repo_dir=datafun-03-analytics
2026-09-11 23:22:46 | INFO | P03 | python=3.14.7
2026-09-11 23:22:46 | INFO | P03 | os=Windows 11
2026-09-11 23:22:46 | INFO | P03 | shell=powershell
2026-09-11 23:22:46 | INFO | P03 | cwd=.
2026-09-11 23:22:46 | INFO | P03 | github_actions=False
2026-09-11 23:22:46 | INFO | P03 | ===================================
2026-09-11 23:22:46 | INFO | P03 | START main()
2026-09-11 23:22:46 | INFO | P03 | ===================================
2026-09-11 23:22:46 | INFO | P03 | raw folder = data\raw
2026-09-11 23:22:46 | INFO | P03 | processed folder = data\processed
2026-09-11 23:22:46 | INFO | P03 | ===================================
2026-09-11 23:22:46 | INFO | P03 | CSV pipeline
2026-09-11 23:22:46 | INFO | P03 | ===================================
2026-09-11 23:22:46 | INFO | P03 | Pipeline: 
Read the fictional double reed inventory CSV file,
extract the current value column,
calculate descriptive statistics,
verify the results,
and write the statistics to a text file.

2026-09-11 23:22:46 | INFO | P03 | Column: current_value
2026-09-11 23:22:46 | INFO | P03 | Why: 
Current value provides a useful first summary of the financial value
of the fictional double reed inventory before comparing value with age.

2026-09-11 23:22:46 | INFO | P03 | CSV: START
2026-09-11 23:22:46 | INFO | P03 | Extracted 10 rows from double_reed_inventory.csv
2026-09-11 23:22:46 | INFO | P03 | Calculated 10 instrument ages, skipped 0, from 'year_manufactured'
2026-09-11 23:22:46 | INFO | P03 | Calculated statistics: {'count': 10.0, 'min': 5.0, 'max': 31.0, 'mean': 17.7, 'stdev': 9.238205693988657}
2026-09-11 23:22:46 | INFO | P03 | Converted 10 values, skipped 0, from 'current_value'
2026-09-11 23:22:46 | INFO | P03 | Calculated statistics: {'count': 10.0, 'min': 1800.0, 'max': 12000.0, 'mean': 5620.0, 'stdev': 3250.5725991311474}
2026-09-11 23:22:46 | INFO | P03 | Verified statistics: all checks passed.
2026-09-11 23:22:46 | INFO | P03 | Verified statistics: all checks passed.
2026-09-11 23:22:46 | INFO | P03 | Wrote age and value report to csv_age_value_stats.txt
2026-09-11 23:22:46 | INFO | P03 | CSV: wrote data\processed\csv_age_value_stats.txt
2026-09-11 23:22:46 | INFO | P03 | CSV: END
2026-09-11 23:22:46 | INFO | P03 | ===================================
2026-09-11 23:22:46 | INFO | P03 | JSON pipeline
2026-09-11 23:22:46 | INFO | P03 | ===================================
2026-09-11 23:22:46 | INFO | P03 | Pipeline: 
Read the astronauts JSON file,
extract the list of people,
count people by spacecraft,
verify the results,
and write the counts to a text file.

2026-09-11 23:22:46 | INFO | P03 | Grouping: instruments by location
2026-09-11 23:22:46 | INFO | P03 | Why: 
Each instrument is assigned to a location, so counting by location shows
how the instruments are distributed across different areas.

2026-09-11 23:22:46 | INFO | P03 | JSON: START
2026-09-11 23:22:46 | INFO | P03 | JSON: wrote data\processed\json_instruments_by_location.txt
2026-09-11 23:22:46 | INFO | P03 | JSON: END
2026-09-11 23:22:46 | INFO | P03 | ===================================
2026-09-11 23:22:46 | INFO | P03 | XLSX pipeline
2026-09-11 23:22:46 | INFO | P03 | ===================================
2026-09-11 23:22:46 | INFO | P03 | Pipeline: 
Read the feedback Excel file,
extract text from the selected column,
count occurrences of the selected word,
verify the result,
and write the count to a text file.

2026-09-11 23:22:46 | INFO | P03 | Word: repair in column A
2026-09-11 23:22:46 | INFO | P03 | Why: 
We are counting the instances of repair to see how often maintenance is needed for the double reed instruments.

2026-09-11 23:22:46 | INFO | P03 | XLSX: START
2026-09-11 23:22:46 | INFO | P03 | XLSX: wrote data\processed\xlsx_repair_count.txt
2026-09-11 23:22:46 | INFO | P03 | XLSX: END
2026-09-11 23:22:46 | INFO | P03 | ===================================
2026-09-11 23:22:46 | INFO | P03 | TEXT pipeline
2026-09-11 23:22:46 | INFO | P03 | ===================================
2026-09-11 23:22:46 | INFO | P03 | Pipeline: 
Read the double reed maintenance notes text file,
count its lines, words, and characters,
verify the results,
and write the summary to a text file.

2026-09-11 23:22:46 | INFO | P03 | Why: 
Line, word, and character counts give a quick size profile
of a plain-text document before any deeper reading.

2026-09-11 23:22:46 | INFO | P03 | TXT: START
2026-09-11 23:22:46 | INFO | P03 | TXT: wrote data\processed\txt_maintenance_summary.txt
2026-09-11 23:22:46 | INFO | P03 | TXT: END
2026-09-11 23:22:46 | INFO | P03 | ===================================
2026-09-11 23:22:46 | INFO | P03 | END main() - Executed successfully!
2026-09-11 23:22:46 | INFO | P03 | ===================================
